// Jest Snapshot v1, https://goo.gl/fbAQLP

exports[`Header component renders the Header given props 1`] = `
<header
  className="headerSection"
  role="banner"
>
  <nav
    role="navigation"
  >
    Agent Dashboard: 
    <span>
      <Link
        to="/login"
      >
        Log In
      </Link>
    </span>
     
    <span>
      <Link
        to="/register"
      >
        Sign Up
      </Link>
    </span>
  </nav>
  <h1>
    <Link
      to="/"
    >
      REagent.com
    </Link>
  </h1>
</header>
`;
